[t2_cufft_interleaved.sh 18:23:23] building bench_cufft for -arch=sm_75
[t2_cufft_interleaved.sh 18:23:24] === T2 size=67108864: primary p0-vs-p2 prefetch-ON interleaved (n=15 + 2 warmup) ===
[lib_specasync_harness.sh 18:23:25] reload: 2 new dmesg line(s) -- logged, not necessarily an error
[lib_specasync_harness.sh 18:23:26] run_order=1 cfg=p0_prefetchON bench=bench_cufft size=67108864 rep=warmup_1 wall=0.75s dmesg_delta=0
[lib_specasync_harness.sh 18:23:26] reload: 2 new dmesg line(s) -- logged, not necessarily an error
[lib_specasync_harness.sh 18:23:27] run_order=2 cfg=p2_prefetchON bench=bench_cufft size=67108864 rep=warmup_1 wall=0.71s dmesg_delta=0
[lib_specasync_harness.sh 18:23:27] reload: 2 new dmesg line(s) -- logged, not necessarily an error
[lib_specasync_harness.sh 18:23:28] run_order=3 cfg=p0_prefetchON bench=bench_cufft size=67108864 rep=warmup_2 wall=0.70s dmesg_delta=0
[lib_specasync_harness.sh 18:23:29] reload: 2 new dmesg line(s) -- logged, not necessarily an error
[lib_specasync_harness.sh 18:23:29] run_order=4 cfg=p2_prefetchON bench=bench_cufft size=67108864 rep=warmup_2 wall=0.71s dmesg_delta=0
[lib_specasync_harness.sh 18:23:30] reload: 2 new dmesg line(s) -- logged, not necessarily an error
[lib_specasync_harness.sh 18:23:31] run_order=5 cfg=p0_prefetchON bench=bench_cufft size=67108864 rep=kept_3 wall=0.70s dmesg_delta=0
[lib_specasync_harness.sh 18:23:31] reload: 2 new dmesg line(s) -- logged, not necessarily an error
[lib_specasync_harness.sh 18:23:32] run_order=6 cfg=p2_prefetchON bench=bench_cufft size=67108864 rep=kept_3 wall=0.71s dmesg_delta=0
[lib_specasync_harness.sh 18:23:33] reload: 2 new dmesg line(s) -- logged, not necessarily an error
[lib_specasync_harness.sh 18:23:33] run_order=7 cfg=p0_prefetchON bench=bench_cufft size=67108864 rep=kept_4 wall=0.69s dmesg_delta=0
[lib_specasync_harness.sh 18:23:34] reload: 2 new dmesg line(s) -- logged, not necessarily an error
[lib_specasync_harness.sh 18:23:35] run_order=8 cfg=p2_prefetchON bench=bench_cufft size=67108864 rep=kept_4 wall=0.71s dmesg_delta=0
[lib_specasync_harness.sh 18:23:35] reload: 2 new dmesg line(s) -- logged, not necessarily an error
[lib_specasync_harness.sh 18:23:36] run_order=9 cfg=p0_prefetchON bench=bench_cufft size=67108864 rep=kept_5 wall=0.69s dmesg_delta=0
[lib_specasync_harness.sh 18:23:36] reload: 2 new dmesg line(s) -- logged, not necessarily an error
[lib_specasync_harness.sh 18:23:37] run_order=10 cfg=p2_prefetchON bench=bench_cufft size=67108864 rep=kept_5 wall=0.72s dmesg_delta=0
[lib_specasync_harness.sh 18:23:38] reload: 2 new dmesg line(s) -- logged, not necessarily an error
[lib_specasync_harness.sh 18:23:38] run_order=11 cfg=p0_prefetchON bench=bench_cufft size=67108864 rep=kept_6 wall=0.76s dmesg_delta=0
[lib_specasync_harness.sh 18:23:39] reload: 2 new dmesg line(s) -- logged, not necessarily an error
[lib_specasync_harness.sh 18:23:40] run_order=12 cfg=p2_prefetchON bench=bench_cufft size=67108864 rep=kept_6 wall=0.72s dmesg_delta=0
[lib_specasync_harness.sh 18:23:40] reload: 2 new dmesg line(s) -- logged, not necessarily an error
[lib_specasync_harness.sh 18:23:41] run_order=13 cfg=p0_prefetchON bench=bench_cufft size=67108864 rep=kept_7 wall=0.71s dmesg_delta=0
[lib_specasync_harness.sh 18:23:42] reload: 2 new dmesg line(s) -- logged, not necessarily an error
[lib_specasync_harness.sh 18:23:42] run_order=14 cfg=p2_prefetchON bench=bench_cufft size=67108864 rep=kept_7 wall=0.71s dmesg_delta=0
[lib_specasync_harness.sh 18:23:43] reload: 2 new dmesg line(s) -- logged, not necessarily an error
[lib_specasync_harness.sh 18:23:44] run_order=15 cfg=p0_prefetchON bench=bench_cufft size=67108864 rep=kept_8 wall=0.71s dmesg_delta=0
[lib_specasync_harness.sh 18:23:44] reload: 2 new dmesg line(s) -- logged, not necessarily an error
[lib_specasync_harness.sh 18:23:45] run_order=16 cfg=p2_prefetchON bench=bench_cufft size=67108864 rep=kept_8 wall=0.70s dmesg_delta=0
[lib_specasync_harness.sh 18:23:45] reload: 2 new dmesg line(s) -- logged, not necessarily an error
[lib_specasync_harness.sh 18:23:46] run_order=17 cfg=p0_prefetchON bench=bench_cufft size=67108864 rep=kept_9 wall=0.69s dmesg_delta=0
[lib_specasync_harness.sh 18:23:47] reload: 2 new dmesg line(s) -- logged, not necessarily an error
[lib_specasync_harness.sh 18:23:47] run_order=18 cfg=p2_prefetchON bench=bench_cufft size=67108864 rep=kept_9 wall=0.70s dmesg_delta=0
[lib_specasync_harness.sh 18:23:48] reload: 2 new dmesg line(s) -- logged, not necessarily an error
[lib_specasync_harness.sh 18:23:49] run_order=19 cfg=p0_prefetchON bench=bench_cufft size=67108864 rep=kept_10 wall=0.69s dmesg_delta=0
[lib_specasync_harness.sh 18:23:49] reload: 2 new dmesg line(s) -- logged, not necessarily an error
[lib_specasync_harness.sh 18:23:50] run_order=20 cfg=p2_prefetchON bench=bench_cufft size=67108864 rep=kept_10 wall=0.69s dmesg_delta=0
[lib_specasync_harness.sh 18:23:51] reload: 2 new dmesg line(s) -- logged, not necessarily an error
[lib_specasync_harness.sh 18:23:51] run_order=21 cfg=p0_prefetchON bench=bench_cufft size=67108864 rep=kept_11 wall=0.69s dmesg_delta=0
[lib_specasync_harness.sh 18:23:52] reload: 2 new dmesg line(s) -- logged, not necessarily an error
[lib_specasync_harness.sh 18:23:53] run_order=22 cfg=p2_prefetchON bench=bench_cufft size=67108864 rep=kept_11 wall=0.70s dmesg_delta=0
[lib_specasync_harness.sh 18:23:53] reload: 2 new dmesg line(s) -- logged, not necessarily an error
[lib_specasync_harness.sh 18:23:54] run_order=23 cfg=p0_prefetchON bench=bench_cufft size=67108864 rep=kept_12 wall=0.72s dmesg_delta=0
[lib_specasync_harness.sh 18:23:54] reload: 2 new dmesg line(s) -- logged, not necessarily an error
[lib_specasync_harness.sh 18:23:55] run_order=24 cfg=p2_prefetchON bench=bench_cufft size=67108864 rep=kept_12 wall=0.71s dmesg_delta=0
[lib_specasync_harness.sh 18:23:56] reload: 2 new dmesg line(s) -- logged, not necessarily an error
[lib_specasync_harness.sh 18:23:56] run_order=25 cfg=p0_prefetchON bench=bench_cufft size=67108864 rep=kept_13 wall=0.69s dmesg_delta=0
[lib_specasync_harness.sh 18:23:57] reload: 2 new dmesg line(s) -- logged, not necessarily an error
[lib_specasync_harness.sh 18:23:58] run_order=26 cfg=p2_prefetchON bench=bench_cufft size=67108864 rep=kept_13 wall=0.70s dmesg_delta=0
[lib_specasync_harness.sh 18:23:58] reload: 2 new dmesg line(s) -- logged, not necessarily an error
[lib_specasync_harness.sh 18:23:59] run_order=27 cfg=p0_prefetchON bench=bench_cufft size=67108864 rep=kept_14 wall=0.69s dmesg_delta=0
[lib_specasync_harness.sh 18:24:00] reload: 2 new dmesg line(s) -- logged, not necessarily an error
[lib_specasync_harness.sh 18:24:00] run_order=28 cfg=p2_prefetchON bench=bench_cufft size=67108864 rep=kept_14 wall=0.69s dmesg_delta=0
[lib_specasync_harness.sh 18:24:01] reload: 2 new dmesg line(s) -- logged, not necessarily an error
[lib_specasync_harness.sh 18:24:02] run_order=29 cfg=p0_prefetchON bench=bench_cufft size=67108864 rep=kept_15 wall=0.70s dmesg_delta=0
[lib_specasync_harness.sh 18:24:02] reload: 2 new dmesg line(s) -- logged, not necessarily an error
[lib_specasync_harness.sh 18:24:03] run_order=30 cfg=p2_prefetchON bench=bench_cufft size=67108864 rep=kept_15 wall=0.69s dmesg_delta=0
[lib_specasync_harness.sh 18:24:03] reload: 2 new dmesg line(s) -- logged, not necessarily an error
[lib_specasync_harness.sh 18:24:04] run_order=31 cfg=p0_prefetchON bench=bench_cufft size=67108864 rep=kept_16 wall=0.70s dmesg_delta=0
[lib_specasync_harness.sh 18:24:05] reload: 2 new dmesg line(s) -- logged, not necessarily an error
[lib_specasync_harness.sh 18:24:05] run_order=32 cfg=p2_prefetchON bench=bench_cufft size=67108864 rep=kept_16 wall=0.70s dmesg_delta=0
[lib_specasync_harness.sh 18:24:06] reload: 2 new dmesg line(s) -- logged, not necessarily an error
[lib_specasync_harness.sh 18:24:07] run_order=33 cfg=p0_prefetchON bench=bench_cufft size=67108864 rep=kept_17 wall=0.69s dmesg_delta=0
[lib_specasync_harness.sh 18:24:07] reload: 2 new dmesg line(s) -- logged, not necessarily an error
[lib_specasync_harness.sh 18:24:08] run_order=34 cfg=p2_prefetchON bench=bench_cufft size=67108864 rep=kept_17 wall=0.72s dmesg_delta=0
[t2_cufft_interleaved.sh 18:24:08] === T2 size=67108864: secondary C0/C1 for continuity (n=15 + 2 warmup) ===
[lib_specasync_harness.sh 18:24:08] reload: 2 new dmesg line(s) -- logged, not necessarily an error
[lib_specasync_harness.sh 18:24:09] run_order=35 cfg=C0 bench=bench_cufft size=67108864 rep=warmup_1 wall=0.72s dmesg_delta=0
[lib_specasync_harness.sh 18:24:10] reload: 2 new dmesg line(s) -- logged, not necessarily an error
[lib_specasync_harness.sh 18:24:12] run_order=36 cfg=C1 bench=bench_cufft size=67108864 rep=warmup_1 wall=2.61s dmesg_delta=0
[lib_specasync_harness.sh 18:24:13] reload: 2 new dmesg line(s) -- logged, not necessarily an error
[lib_specasync_harness.sh 18:24:14] run_order=37 cfg=C0 bench=bench_cufft size=67108864 rep=warmup_2 wall=0.68s dmesg_delta=0
[lib_specasync_harness.sh 18:24:14] reload: 2 new dmesg line(s) -- logged, not necessarily an error
[lib_specasync_harness.sh 18:24:17] run_order=38 cfg=C1 bench=bench_cufft size=67108864 rep=warmup_2 wall=2.59s dmesg_delta=0
[lib_specasync_harness.sh 18:24:17] reload: 2 new dmesg line(s) -- logged, not necessarily an error
[lib_specasync_harness.sh 18:24:18] run_order=39 cfg=C0 bench=bench_cufft size=67108864 rep=kept_3 wall=0.69s dmesg_delta=0
[lib_specasync_harness.sh 18:24:19] reload: 2 new dmesg line(s) -- logged, not necessarily an error
[lib_specasync_harness.sh 18:24:21] run_order=40 cfg=C1 bench=bench_cufft size=67108864 rep=kept_3 wall=2.55s dmesg_delta=0
[lib_specasync_harness.sh 18:24:22] reload: 2 new dmesg line(s) -- logged, not necessarily an error
[lib_specasync_harness.sh 18:24:23] run_order=41 cfg=C0 bench=bench_cufft size=67108864 rep=kept_4 wall=0.68s dmesg_delta=0
[lib_specasync_harness.sh 18:24:23] reload: 2 new dmesg line(s) -- logged, not necessarily an error
[lib_specasync_harness.sh 18:24:26] run_order=42 cfg=C1 bench=bench_cufft size=67108864 rep=kept_4 wall=2.54s dmesg_delta=0
[lib_specasync_harness.sh 18:24:26] reload: 2 new dmesg line(s) -- logged, not necessarily an error
[lib_specasync_harness.sh 18:24:27] run_order=43 cfg=C0 bench=bench_cufft size=67108864 rep=kept_5 wall=0.69s dmesg_delta=0
[lib_specasync_harness.sh 18:24:28] reload: 2 new dmesg line(s) -- logged, not necessarily an error
[lib_specasync_harness.sh 18:24:30] run_order=44 cfg=C1 bench=bench_cufft size=67108864 rep=kept_5 wall=2.71s dmesg_delta=0
[lib_specasync_harness.sh 18:24:31] reload: 2 new dmesg line(s) -- logged, not necessarily an error
[lib_specasync_harness.sh 18:24:32] run_order=45 cfg=C0 bench=bench_cufft size=67108864 rep=kept_6 wall=0.69s dmesg_delta=0
[lib_specasync_harness.sh 18:24:32] reload: 2 new dmesg line(s) -- logged, not necessarily an error
[lib_specasync_harness.sh 18:24:35] run_order=46 cfg=C1 bench=bench_cufft size=67108864 rep=kept_6 wall=2.59s dmesg_delta=0
[lib_specasync_harness.sh 18:24:35] reload: 2 new dmesg line(s) -- logged, not necessarily an error
[lib_specasync_harness.sh 18:24:36] run_order=47 cfg=C0 bench=bench_cufft size=67108864 rep=kept_7 wall=0.69s dmesg_delta=0
[lib_specasync_harness.sh 18:24:37] reload: 2 new dmesg line(s) -- logged, not necessarily an error
[lib_specasync_harness.sh 18:24:39] run_order=48 cfg=C1 bench=bench_cufft size=67108864 rep=kept_7 wall=2.56s dmesg_delta=0
[lib_specasync_harness.sh 18:24:40] reload: 2 new dmesg line(s) -- logged, not necessarily an error
[lib_specasync_harness.sh 18:24:40] run_order=49 cfg=C0 bench=bench_cufft size=67108864 rep=kept_8 wall=0.69s dmesg_delta=0
[lib_specasync_harness.sh 18:24:41] reload: 2 new dmesg line(s) -- logged, not necessarily an error
[lib_specasync_harness.sh 18:24:44] run_order=50 cfg=C1 bench=bench_cufft size=67108864 rep=kept_8 wall=2.58s dmesg_delta=0
[lib_specasync_harness.sh 18:24:44] reload: 2 new dmesg line(s) -- logged, not necessarily an error
[lib_specasync_harness.sh 18:24:45] run_order=51 cfg=C0 bench=bench_cufft size=67108864 rep=kept_9 wall=0.74s dmesg_delta=0
[lib_specasync_harness.sh 18:24:45] reload: 2 new dmesg line(s) -- logged, not necessarily an error
[lib_specasync_harness.sh 18:24:48] run_order=52 cfg=C1 bench=bench_cufft size=67108864 rep=kept_9 wall=2.79s dmesg_delta=0
[lib_specasync_harness.sh 18:24:49] reload: 2 new dmesg line(s) -- logged, not necessarily an error
[lib_specasync_harness.sh 18:24:50] run_order=53 cfg=C0 bench=bench_cufft size=67108864 rep=kept_10 wall=0.71s dmesg_delta=0
[lib_specasync_harness.sh 18:24:50] reload: 2 new dmesg line(s) -- logged, not necessarily an error
[lib_specasync_harness.sh 18:24:53] run_order=54 cfg=C1 bench=bench_cufft size=67108864 rep=kept_10 wall=2.78s dmesg_delta=0
[lib_specasync_harness.sh 18:24:54] reload: 2 new dmesg line(s) -- logged, not necessarily an error
[lib_specasync_harness.sh 18:24:54] run_order=55 cfg=C0 bench=bench_cufft size=67108864 rep=kept_11 wall=0.72s dmesg_delta=0
[lib_specasync_harness.sh 18:24:55] reload: 2 new dmesg line(s) -- logged, not necessarily an error
[lib_specasync_harness.sh 18:24:58] run_order=56 cfg=C1 bench=bench_cufft size=67108864 rep=kept_11 wall=2.82s dmesg_delta=0
[lib_specasync_harness.sh 18:24:58] reload: 2 new dmesg line(s) -- logged, not necessarily an error
[lib_specasync_harness.sh 18:24:59] run_order=57 cfg=C0 bench=bench_cufft size=67108864 rep=kept_12 wall=0.72s dmesg_delta=0
[lib_specasync_harness.sh 18:25:00] reload: 2 new dmesg line(s) -- logged, not necessarily an error
[lib_specasync_harness.sh 18:25:03] run_order=58 cfg=C1 bench=bench_cufft size=67108864 rep=kept_12 wall=3.08s dmesg_delta=0
[lib_specasync_harness.sh 18:25:03] reload: 2 new dmesg line(s) -- logged, not necessarily an error
[lib_specasync_harness.sh 18:25:04] run_order=59 cfg=C0 bench=bench_cufft size=67108864 rep=kept_13 wall=0.73s dmesg_delta=0
[lib_specasync_harness.sh 18:25:04] reload: 2 new dmesg line(s) -- logged, not necessarily an error
[lib_specasync_harness.sh 18:25:07] run_order=60 cfg=C1 bench=bench_cufft size=67108864 rep=kept_13 wall=2.77s dmesg_delta=0
[lib_specasync_harness.sh 18:25:08] reload: 2 new dmesg line(s) -- logged, not necessarily an error
[lib_specasync_harness.sh 18:25:09] run_order=61 cfg=C0 bench=bench_cufft size=67108864 rep=kept_14 wall=0.72s dmesg_delta=0
[lib_specasync_harness.sh 18:25:09] reload: 2 new dmesg line(s) -- logged, not necessarily an error
[lib_specasync_harness.sh 18:25:12] run_order=62 cfg=C1 bench=bench_cufft size=67108864 rep=kept_14 wall=2.77s dmesg_delta=0
[lib_specasync_harness.sh 18:25:13] reload: 2 new dmesg line(s) -- logged, not necessarily an error
[lib_specasync_harness.sh 18:25:13] run_order=63 cfg=C0 bench=bench_cufft size=67108864 rep=kept_15 wall=0.73s dmesg_delta=0
[lib_specasync_harness.sh 18:25:14] reload: 2 new dmesg line(s) -- logged, not necessarily an error
[lib_specasync_harness.sh 18:25:17] run_order=64 cfg=C1 bench=bench_cufft size=67108864 rep=kept_15 wall=2.74s dmesg_delta=0
[lib_specasync_harness.sh 18:25:17] reload: 2 new dmesg line(s) -- logged, not necessarily an error
[lib_specasync_harness.sh 18:25:18] run_order=65 cfg=C0 bench=bench_cufft size=67108864 rep=kept_16 wall=0.74s dmesg_delta=0
[lib_specasync_harness.sh 18:25:19] reload: 2 new dmesg line(s) -- logged, not necessarily an error
[lib_specasync_harness.sh 18:25:21] run_order=66 cfg=C1 bench=bench_cufft size=67108864 rep=kept_16 wall=2.85s dmesg_delta=0
[lib_specasync_harness.sh 18:25:22] reload: 2 new dmesg line(s) -- logged, not necessarily an error
[lib_specasync_harness.sh 18:25:23] run_order=67 cfg=C0 bench=bench_cufft size=67108864 rep=kept_17 wall=0.72s dmesg_delta=0
[lib_specasync_harness.sh 18:25:23] reload: 2 new dmesg line(s) -- logged, not necessarily an error
[lib_specasync_harness.sh 18:25:26] run_order=68 cfg=C1 bench=bench_cufft size=67108864 rep=kept_17 wall=2.77s dmesg_delta=0
[t2_cufft_interleaved.sh 18:25:26] === T2 size=134217728: primary p0-vs-p2 prefetch-ON interleaved (n=15 + 2 warmup) ===
[lib_specasync_harness.sh 18:25:27] reload: 2 new dmesg line(s) -- logged, not necessarily an error
[lib_specasync_harness.sh 18:25:28] run_order=69 cfg=p0_prefetchON bench=bench_cufft size=134217728 rep=warmup_1 wall=1.12s dmesg_delta=0
[lib_specasync_harness.sh 18:25:28] reload: 2 new dmesg line(s) -- logged, not necessarily an error
[lib_specasync_harness.sh 18:25:30] run_order=70 cfg=p2_prefetchON bench=bench_cufft size=134217728 rep=warmup_1 wall=1.14s dmesg_delta=0
[lib_specasync_harness.sh 18:25:30] reload: 2 new dmesg line(s) -- logged, not necessarily an error
[lib_specasync_harness.sh 18:25:31] run_order=71 cfg=p0_prefetchON bench=bench_cufft size=134217728 rep=warmup_2 wall=1.12s dmesg_delta=0
[lib_specasync_harness.sh 18:25:32] reload: 2 new dmesg line(s) -- logged, not necessarily an error
[lib_specasync_harness.sh 18:25:33] run_order=72 cfg=p2_prefetchON bench=bench_cufft size=134217728 rep=warmup_2 wall=1.15s dmesg_delta=0
[lib_specasync_harness.sh 18:25:34] reload: 2 new dmesg line(s) -- logged, not necessarily an error
[lib_specasync_harness.sh 18:25:35] run_order=73 cfg=p0_prefetchON bench=bench_cufft size=134217728 rep=kept_3 wall=1.16s dmesg_delta=0
[lib_specasync_harness.sh 18:25:35] reload: 2 new dmesg line(s) -- logged, not necessarily an error
[lib_specasync_harness.sh 18:25:36] run_order=74 cfg=p2_prefetchON bench=bench_cufft size=134217728 rep=kept_3 wall=1.13s dmesg_delta=0
[lib_specasync_harness.sh 18:25:37] reload: 2 new dmesg line(s) -- logged, not necessarily an error
[lib_specasync_harness.sh 18:25:38] run_order=75 cfg=p0_prefetchON bench=bench_cufft size=134217728 rep=kept_4 wall=1.15s dmesg_delta=0
[lib_specasync_harness.sh 18:25:39] reload: 2 new dmesg line(s) -- logged, not necessarily an error
[lib_specasync_harness.sh 18:25:40] run_order=76 cfg=p2_prefetchON bench=bench_cufft size=134217728 rep=kept_4 wall=1.13s dmesg_delta=0
[lib_specasync_harness.sh 18:25:40] reload: 2 new dmesg line(s) -- logged, not necessarily an error
[lib_specasync_harness.sh 18:25:42] run_order=77 cfg=p0_prefetchON bench=bench_cufft size=134217728 rep=kept_5 wall=1.10s dmesg_delta=0
[lib_specasync_harness.sh 18:25:42] reload: 2 new dmesg line(s) -- logged, not necessarily an error
[lib_specasync_harness.sh 18:25:43] run_order=78 cfg=p2_prefetchON bench=bench_cufft size=134217728 rep=kept_5 wall=1.14s dmesg_delta=0
[lib_specasync_harness.sh 18:25:44] reload: 2 new dmesg line(s) -- logged, not necessarily an error
[lib_specasync_harness.sh 18:25:45] run_order=79 cfg=p0_prefetchON bench=bench_cufft size=134217728 rep=kept_6 wall=1.10s dmesg_delta=0
[lib_specasync_harness.sh 18:25:46] reload: 2 new dmesg line(s) -- logged, not necessarily an error
[lib_specasync_harness.sh 18:25:47] run_order=80 cfg=p2_prefetchON bench=bench_cufft size=134217728 rep=kept_6 wall=1.11s dmesg_delta=0
[lib_specasync_harness.sh 18:25:47] reload: 2 new dmesg line(s) -- logged, not necessarily an error
[lib_specasync_harness.sh 18:25:48] run_order=81 cfg=p0_prefetchON bench=bench_cufft size=134217728 rep=kept_7 wall=1.11s dmesg_delta=0
[lib_specasync_harness.sh 18:25:49] reload: 2 new dmesg line(s) -- logged, not necessarily an error
[lib_specasync_harness.sh 18:25:50] run_order=82 cfg=p2_prefetchON bench=bench_cufft size=134217728 rep=kept_7 wall=1.13s dmesg_delta=0
[lib_specasync_harness.sh 18:25:51] reload: 2 new dmesg line(s) -- logged, not necessarily an error
[lib_specasync_harness.sh 18:25:52] run_order=83 cfg=p0_prefetchON bench=bench_cufft size=134217728 rep=kept_8 wall=1.10s dmesg_delta=0
[lib_specasync_harness.sh 18:25:52] reload: 2 new dmesg line(s) -- logged, not necessarily an error
[lib_specasync_harness.sh 18:25:53] run_order=84 cfg=p2_prefetchON bench=bench_cufft size=134217728 rep=kept_8 wall=1.13s dmesg_delta=0
[lib_specasync_harness.sh 18:25:54] reload: 2 new dmesg line(s) -- logged, not necessarily an error
[lib_specasync_harness.sh 18:25:55] run_order=85 cfg=p0_prefetchON bench=bench_cufft size=134217728 rep=kept_9 wall=1.14s dmesg_delta=0
[lib_specasync_harness.sh 18:25:56] reload: 2 new dmesg line(s) -- logged, not necessarily an error
[lib_specasync_harness.sh 18:25:57] run_order=86 cfg=p2_prefetchON bench=bench_cufft size=134217728 rep=kept_9 wall=1.14s dmesg_delta=0
[lib_specasync_harness.sh 18:25:57] reload: 2 new dmesg line(s) -- logged, not necessarily an error
[lib_specasync_harness.sh 18:25:59] run_order=87 cfg=p0_prefetchON bench=bench_cufft size=134217728 rep=kept_10 wall=1.10s dmesg_delta=0
[lib_specasync_harness.sh 18:25:59] reload: 2 new dmesg line(s) -- logged, not necessarily an error
[lib_specasync_harness.sh 18:26:00] run_order=88 cfg=p2_prefetchON bench=bench_cufft size=134217728 rep=kept_10 wall=1.08s dmesg_delta=0
[lib_specasync_harness.sh 18:26:01] reload: 2 new dmesg line(s) -- logged, not necessarily an error
[lib_specasync_harness.sh 18:26:02] run_order=89 cfg=p0_prefetchON bench=bench_cufft size=134217728 rep=kept_11 wall=1.07s dmesg_delta=0
[lib_specasync_harness.sh 18:26:02] reload: 2 new dmesg line(s) -- logged, not necessarily an error
[lib_specasync_harness.sh 18:26:04] run_order=90 cfg=p2_prefetchON bench=bench_cufft size=134217728 rep=kept_11 wall=1.11s dmesg_delta=0
[lib_specasync_harness.sh 18:26:04] reload: 2 new dmesg line(s) -- logged, not necessarily an error
[lib_specasync_harness.sh 18:26:05] run_order=91 cfg=p0_prefetchON bench=bench_cufft size=134217728 rep=kept_12 wall=1.06s dmesg_delta=0
[lib_specasync_harness.sh 18:26:06] reload: 2 new dmesg line(s) -- logged, not necessarily an error
[lib_specasync_harness.sh 18:26:07] run_order=92 cfg=p2_prefetchON bench=bench_cufft size=134217728 rep=kept_12 wall=1.09s dmesg_delta=0
[lib_specasync_harness.sh 18:26:08] reload: 2 new dmesg line(s) -- logged, not necessarily an error
[lib_specasync_harness.sh 18:26:09] run_order=93 cfg=p0_prefetchON bench=bench_cufft size=134217728 rep=kept_13 wall=1.07s dmesg_delta=0
[lib_specasync_harness.sh 18:26:09] reload: 2 new dmesg line(s) -- logged, not necessarily an error
[lib_specasync_harness.sh 18:26:10] run_order=94 cfg=p2_prefetchON bench=bench_cufft size=134217728 rep=kept_13 wall=1.07s dmesg_delta=0
[lib_specasync_harness.sh 18:26:11] reload: 2 new dmesg line(s) -- logged, not necessarily an error
[lib_specasync_harness.sh 18:26:12] run_order=95 cfg=p0_prefetchON bench=bench_cufft size=134217728 rep=kept_14 wall=1.06s dmesg_delta=0
[lib_specasync_harness.sh 18:26:12] reload: 2 new dmesg line(s) -- logged, not necessarily an error
[lib_specasync_harness.sh 18:26:14] run_order=96 cfg=p2_prefetchON bench=bench_cufft size=134217728 rep=kept_14 wall=1.08s dmesg_delta=0
[lib_specasync_harness.sh 18:26:14] reload: 2 new dmesg line(s) -- logged, not necessarily an error
[lib_specasync_harness.sh 18:26:15] run_order=97 cfg=p0_prefetchON bench=bench_cufft size=134217728 rep=kept_15 wall=1.07s dmesg_delta=0
[lib_specasync_harness.sh 18:26:16] reload: 2 new dmesg line(s) -- logged, not necessarily an error
[lib_specasync_harness.sh 18:26:17] run_order=98 cfg=p2_prefetchON bench=bench_cufft size=134217728 rep=kept_15 wall=1.09s dmesg_delta=0
[lib_specasync_harness.sh 18:26:17] reload: 2 new dmesg line(s) -- logged, not necessarily an error
[lib_specasync_harness.sh 18:26:19] run_order=99 cfg=p0_prefetchON bench=bench_cufft size=134217728 rep=kept_16 wall=1.06s dmesg_delta=0
[lib_specasync_harness.sh 18:26:19] reload: 2 new dmesg line(s) -- logged, not necessarily an error
[lib_specasync_harness.sh 18:26:20] run_order=100 cfg=p2_prefetchON bench=bench_cufft size=134217728 rep=kept_16 wall=1.08s dmesg_delta=0
[lib_specasync_harness.sh 18:26:21] reload: 2 new dmesg line(s) -- logged, not necessarily an error
[lib_specasync_harness.sh 18:26:22] run_order=101 cfg=p0_prefetchON bench=bench_cufft size=134217728 rep=kept_17 wall=1.07s dmesg_delta=0
[lib_specasync_harness.sh 18:26:22] reload: 2 new dmesg line(s) -- logged, not necessarily an error
[lib_specasync_harness.sh 18:26:23] run_order=102 cfg=p2_prefetchON bench=bench_cufft size=134217728 rep=kept_17 wall=1.08s dmesg_delta=0
[t2_cufft_interleaved.sh 18:26:24] === T2 size=134217728: secondary C0/C1 for continuity (n=15 + 2 warmup) ===
[lib_specasync_harness.sh 18:26:24] reload: 2 new dmesg line(s) -- logged, not necessarily an error
[lib_specasync_harness.sh 18:26:25] run_order=103 cfg=C0 bench=bench_cufft size=134217728 rep=warmup_1 wall=1.08s dmesg_delta=0
[lib_specasync_harness.sh 18:26:26] reload: 2 new dmesg line(s) -- logged, not necessarily an error
[lib_specasync_harness.sh 18:26:31] run_order=104 cfg=C1 bench=bench_cufft size=134217728 rep=warmup_1 wall=4.85s dmesg_delta=0
[lib_specasync_harness.sh 18:26:31] reload: 2 new dmesg line(s) -- logged, not necessarily an error
[lib_specasync_harness.sh 18:26:32] run_order=105 cfg=C0 bench=bench_cufft size=134217728 rep=warmup_2 wall=1.06s dmesg_delta=0
[lib_specasync_harness.sh 18:26:33] reload: 2 new dmesg line(s) -- logged, not necessarily an error
[lib_specasync_harness.sh 18:26:38] run_order=106 cfg=C1 bench=bench_cufft size=134217728 rep=warmup_2 wall=4.81s dmesg_delta=0
[lib_specasync_harness.sh 18:26:38] reload: 2 new dmesg line(s) -- logged, not necessarily an error
[lib_specasync_harness.sh 18:26:39] run_order=107 cfg=C0 bench=bench_cufft size=134217728 rep=kept_3 wall=1.07s dmesg_delta=0
[lib_specasync_harness.sh 18:26:40] reload: 2 new dmesg line(s) -- logged, not necessarily an error
[lib_specasync_harness.sh 18:26:45] run_order=108 cfg=C1 bench=bench_cufft size=134217728 rep=kept_3 wall=4.91s dmesg_delta=0
[lib_specasync_harness.sh 18:26:45] reload: 2 new dmesg line(s) -- logged, not necessarily an error
[lib_specasync_harness.sh 18:26:46] run_order=109 cfg=C0 bench=bench_cufft size=134217728 rep=kept_4 wall=1.08s dmesg_delta=0
[lib_specasync_harness.sh 18:26:47] reload: 2 new dmesg line(s) -- logged, not necessarily an error
[lib_specasync_harness.sh 18:26:52] run_order=110 cfg=C1 bench=bench_cufft size=134217728 rep=kept_4 wall=4.87s dmesg_delta=0
[lib_specasync_harness.sh 18:26:52] reload: 2 new dmesg line(s) -- logged, not necessarily an error
[lib_specasync_harness.sh 18:26:54] run_order=111 cfg=C0 bench=bench_cufft size=134217728 rep=kept_5 wall=1.06s dmesg_delta=0
[lib_specasync_harness.sh 18:26:54] reload: 2 new dmesg line(s) -- logged, not necessarily an error
[lib_specasync_harness.sh 18:26:59] run_order=112 cfg=C1 bench=bench_cufft size=134217728 rep=kept_5 wall=4.85s dmesg_delta=0
[lib_specasync_harness.sh 18:27:00] reload: 2 new dmesg line(s) -- logged, not necessarily an error
[lib_specasync_harness.sh 18:27:01] run_order=113 cfg=C0 bench=bench_cufft size=134217728 rep=kept_6 wall=1.07s dmesg_delta=0
[lib_specasync_harness.sh 18:27:01] reload: 2 new dmesg line(s) -- logged, not necessarily an error
[lib_specasync_harness.sh 18:27:06] run_order=114 cfg=C1 bench=bench_cufft size=134217728 rep=kept_6 wall=4.81s dmesg_delta=0
[lib_specasync_harness.sh 18:27:07] reload: 2 new dmesg line(s) -- logged, not necessarily an error
[lib_specasync_harness.sh 18:27:08] run_order=115 cfg=C0 bench=bench_cufft size=134217728 rep=kept_7 wall=1.07s dmesg_delta=0
[lib_specasync_harness.sh 18:27:08] reload: 2 new dmesg line(s) -- logged, not necessarily an error
[lib_specasync_harness.sh 18:27:13] run_order=116 cfg=C1 bench=bench_cufft size=134217728 rep=kept_7 wall=4.87s dmesg_delta=0
[lib_specasync_harness.sh 18:27:14] reload: 2 new dmesg line(s) -- logged, not necessarily an error
[lib_specasync_harness.sh 18:27:15] run_order=117 cfg=C0 bench=bench_cufft size=134217728 rep=kept_8 wall=1.07s dmesg_delta=0
[lib_specasync_harness.sh 18:27:15] reload: 2 new dmesg line(s) -- logged, not necessarily an error
[lib_specasync_harness.sh 18:27:20] run_order=118 cfg=C1 bench=bench_cufft size=134217728 rep=kept_8 wall=4.82s dmesg_delta=0
[lib_specasync_harness.sh 18:27:21] reload: 2 new dmesg line(s) -- logged, not necessarily an error
[lib_specasync_harness.sh 18:27:22] run_order=119 cfg=C0 bench=bench_cufft size=134217728 rep=kept_9 wall=1.07s dmesg_delta=0
[lib_specasync_harness.sh 18:27:22] reload: 2 new dmesg line(s) -- logged, not necessarily an error
[lib_specasync_harness.sh 18:27:27] run_order=120 cfg=C1 bench=bench_cufft size=134217728 rep=kept_9 wall=4.80s dmesg_delta=0
[lib_specasync_harness.sh 18:27:28] reload: 2 new dmesg line(s) -- logged, not necessarily an error
[lib_specasync_harness.sh 18:27:29] run_order=121 cfg=C0 bench=bench_cufft size=134217728 rep=kept_10 wall=1.07s dmesg_delta=0
[lib_specasync_harness.sh 18:27:30] reload: 2 new dmesg line(s) -- logged, not necessarily an error
[lib_specasync_harness.sh 18:27:34] run_order=122 cfg=C1 bench=bench_cufft size=134217728 rep=kept_10 wall=4.82s dmesg_delta=0
[lib_specasync_harness.sh 18:27:35] reload: 2 new dmesg line(s) -- logged, not necessarily an error
[lib_specasync_harness.sh 18:27:36] run_order=123 cfg=C0 bench=bench_cufft size=134217728 rep=kept_11 wall=1.07s dmesg_delta=0
[lib_specasync_harness.sh 18:27:37] reload: 2 new dmesg line(s) -- logged, not necessarily an error
[lib_specasync_harness.sh 18:27:41] run_order=124 cfg=C1 bench=bench_cufft size=134217728 rep=kept_11 wall=4.84s dmesg_delta=0
[lib_specasync_harness.sh 18:27:42] reload: 2 new dmesg line(s) -- logged, not necessarily an error
[lib_specasync_harness.sh 18:27:43] run_order=125 cfg=C0 bench=bench_cufft size=134217728 rep=kept_12 wall=1.07s dmesg_delta=0
[lib_specasync_harness.sh 18:27:44] reload: 2 new dmesg line(s) -- logged, not necessarily an error
[lib_specasync_harness.sh 18:27:48] run_order=126 cfg=C1 bench=bench_cufft size=134217728 rep=kept_12 wall=4.82s dmesg_delta=0
[lib_specasync_harness.sh 18:27:49] reload: 2 new dmesg line(s) -- logged, not necessarily an error
[lib_specasync_harness.sh 18:27:50] run_order=127 cfg=C0 bench=bench_cufft size=134217728 rep=kept_13 wall=1.06s dmesg_delta=0
[lib_specasync_harness.sh 18:27:51] reload: 2 new dmesg line(s) -- logged, not necessarily an error
[lib_specasync_harness.sh 18:27:55] run_order=128 cfg=C1 bench=bench_cufft size=134217728 rep=kept_13 wall=4.82s dmesg_delta=0
[lib_specasync_harness.sh 18:27:56] reload: 2 new dmesg line(s) -- logged, not necessarily an error
[lib_specasync_harness.sh 18:27:57] run_order=129 cfg=C0 bench=bench_cufft size=134217728 rep=kept_14 wall=1.06s dmesg_delta=0
[lib_specasync_harness.sh 18:27:58] reload: 2 new dmesg line(s) -- logged, not necessarily an error
[lib_specasync_harness.sh 18:28:03] run_order=130 cfg=C1 bench=bench_cufft size=134217728 rep=kept_14 wall=4.84s dmesg_delta=0
[lib_specasync_harness.sh 18:28:03] reload: 2 new dmesg line(s) -- logged, not necessarily an error
[lib_specasync_harness.sh 18:28:04] run_order=131 cfg=C0 bench=bench_cufft size=134217728 rep=kept_15 wall=1.06s dmesg_delta=0
[lib_specasync_harness.sh 18:28:05] reload: 2 new dmesg line(s) -- logged, not necessarily an error
[lib_specasync_harness.sh 18:28:10] run_order=132 cfg=C1 bench=bench_cufft size=134217728 rep=kept_15 wall=4.80s dmesg_delta=0
[lib_specasync_harness.sh 18:28:10] reload: 2 new dmesg line(s) -- logged, not necessarily an error
[lib_specasync_harness.sh 18:28:11] run_order=133 cfg=C0 bench=bench_cufft size=134217728 rep=kept_16 wall=1.07s dmesg_delta=0
[lib_specasync_harness.sh 18:28:12] reload: 2 new dmesg line(s) -- logged, not necessarily an error
[lib_specasync_harness.sh 18:28:17] run_order=134 cfg=C1 bench=bench_cufft size=134217728 rep=kept_16 wall=4.81s dmesg_delta=0
[lib_specasync_harness.sh 18:28:17] reload: 2 new dmesg line(s) -- logged, not necessarily an error
[lib_specasync_harness.sh 18:28:18] run_order=135 cfg=C0 bench=bench_cufft size=134217728 rep=kept_17 wall=1.07s dmesg_delta=0
[lib_specasync_harness.sh 18:28:19] reload: 2 new dmesg line(s) -- logged, not necessarily an error
[lib_specasync_harness.sh 18:28:24] run_order=136 cfg=C1 bench=bench_cufft size=134217728 rep=kept_17 wall=4.79s dmesg_delta=0
[t2_cufft_interleaved.sh 18:28:24] === T2 size=268435456: primary p0-vs-p2 prefetch-ON interleaved (n=15 + 2 warmup) ===
[lib_specasync_harness.sh 18:28:24] reload: 2 new dmesg line(s) -- logged, not necessarily an error
[lib_specasync_harness.sh 18:28:26] run_order=137 cfg=p0_prefetchON bench=bench_cufft size=268435456 rep=warmup_1 wall=1.87s dmesg_delta=0
[lib_specasync_harness.sh 18:28:27] reload: 2 new dmesg line(s) -- logged, not necessarily an error
[lib_specasync_harness.sh 18:28:29] run_order=138 cfg=p2_prefetchON bench=bench_cufft size=268435456 rep=warmup_1 wall=1.87s dmesg_delta=0
[lib_specasync_harness.sh 18:28:29] reload: 2 new dmesg line(s) -- logged, not necessarily an error
[lib_specasync_harness.sh 18:28:31] run_order=139 cfg=p0_prefetchON bench=bench_cufft size=268435456 rep=warmup_2 wall=1.83s dmesg_delta=0
[lib_specasync_harness.sh 18:28:32] reload: 2 new dmesg line(s) -- logged, not necessarily an error
[lib_specasync_harness.sh 18:28:34] run_order=140 cfg=p2_prefetchON bench=bench_cufft size=268435456 rep=warmup_2 wall=1.87s dmesg_delta=0
[lib_specasync_harness.sh 18:28:34] reload: 2 new dmesg line(s) -- logged, not necessarily an error
[lib_specasync_harness.sh 18:28:36] run_order=141 cfg=p0_prefetchON bench=bench_cufft size=268435456 rep=kept_3 wall=1.83s dmesg_delta=0
[lib_specasync_harness.sh 18:28:36] reload: 2 new dmesg line(s) -- logged, not necessarily an error
[lib_specasync_harness.sh 18:28:38] run_order=142 cfg=p2_prefetchON bench=bench_cufft size=268435456 rep=kept_3 wall=1.84s dmesg_delta=0
[lib_specasync_harness.sh 18:28:39] reload: 2 new dmesg line(s) -- logged, not necessarily an error
[lib_specasync_harness.sh 18:28:41] run_order=143 cfg=p0_prefetchON bench=bench_cufft size=268435456 rep=kept_4 wall=1.83s dmesg_delta=0
[lib_specasync_harness.sh 18:28:41] reload: 2 new dmesg line(s) -- logged, not necessarily an error
[lib_specasync_harness.sh 18:28:43] run_order=144 cfg=p2_prefetchON bench=bench_cufft size=268435456 rep=kept_4 wall=1.86s dmesg_delta=0
[lib_specasync_harness.sh 18:28:44] reload: 2 new dmesg line(s) -- logged, not necessarily an error
[lib_specasync_harness.sh 18:28:46] run_order=145 cfg=p0_prefetchON bench=bench_cufft size=268435456 rep=kept_5 wall=1.84s dmesg_delta=0
[lib_specasync_harness.sh 18:28:46] reload: 2 new dmesg line(s) -- logged, not necessarily an error
[lib_specasync_harness.sh 18:28:48] run_order=146 cfg=p2_prefetchON bench=bench_cufft size=268435456 rep=kept_5 wall=1.87s dmesg_delta=0
[lib_specasync_harness.sh 18:28:49] reload: 2 new dmesg line(s) -- logged, not necessarily an error
[lib_specasync_harness.sh 18:28:50] run_order=147 cfg=p0_prefetchON bench=bench_cufft size=268435456 rep=kept_6 wall=1.82s dmesg_delta=0
[lib_specasync_harness.sh 18:28:51] reload: 2 new dmesg line(s) -- logged, not necessarily an error
[lib_specasync_harness.sh 18:28:53] run_order=148 cfg=p2_prefetchON bench=bench_cufft size=268435456 rep=kept_6 wall=1.85s dmesg_delta=0
[lib_specasync_harness.sh 18:28:53] reload: 2 new dmesg line(s) -- logged, not necessarily an error
[lib_specasync_harness.sh 18:28:55] run_order=149 cfg=p0_prefetchON bench=bench_cufft size=268435456 rep=kept_7 wall=1.82s dmesg_delta=0
[lib_specasync_harness.sh 18:28:56] reload: 2 new dmesg line(s) -- logged, not necessarily an error
[lib_specasync_harness.sh 18:28:58] run_order=150 cfg=p2_prefetchON bench=bench_cufft size=268435456 rep=kept_7 wall=1.85s dmesg_delta=0
[lib_specasync_harness.sh 18:28:58] reload: 2 new dmesg line(s) -- logged, not necessarily an error
[lib_specasync_harness.sh 18:29:00] run_order=151 cfg=p0_prefetchON bench=bench_cufft size=268435456 rep=kept_8 wall=1.84s dmesg_delta=0
[lib_specasync_harness.sh 18:29:01] reload: 2 new dmesg line(s) -- logged, not necessarily an error
[lib_specasync_harness.sh 18:29:03] run_order=152 cfg=p2_prefetchON bench=bench_cufft size=268435456 rep=kept_8 wall=1.87s dmesg_delta=0
[lib_specasync_harness.sh 18:29:03] reload: 2 new dmesg line(s) -- logged, not necessarily an error
[lib_specasync_harness.sh 18:29:05] run_order=153 cfg=p0_prefetchON bench=bench_cufft size=268435456 rep=kept_9 wall=1.82s dmesg_delta=0
[lib_specasync_harness.sh 18:29:06] reload: 2 new dmesg line(s) -- logged, not necessarily an error
[lib_specasync_harness.sh 18:29:07] run_order=154 cfg=p2_prefetchON bench=bench_cufft size=268435456 rep=kept_9 wall=1.87s dmesg_delta=0
[lib_specasync_harness.sh 18:29:08] reload: 2 new dmesg line(s) -- logged, not necessarily an error
[lib_specasync_harness.sh 18:29:10] run_order=155 cfg=p0_prefetchON bench=bench_cufft size=268435456 rep=kept_10 wall=1.82s dmesg_delta=0
[lib_specasync_harness.sh 18:29:10] reload: 2 new dmesg line(s) -- logged, not necessarily an error
[lib_specasync_harness.sh 18:29:12] run_order=156 cfg=p2_prefetchON bench=bench_cufft size=268435456 rep=kept_10 wall=1.87s dmesg_delta=0
[lib_specasync_harness.sh 18:29:13] reload: 2 new dmesg line(s) -- logged, not necessarily an error
[lib_specasync_harness.sh 18:29:15] run_order=157 cfg=p0_prefetchON bench=bench_cufft size=268435456 rep=kept_11 wall=1.82s dmesg_delta=0
[lib_specasync_harness.sh 18:29:15] reload: 2 new dmesg line(s) -- logged, not necessarily an error
[lib_specasync_harness.sh 18:29:17] run_order=158 cfg=p2_prefetchON bench=bench_cufft size=268435456 rep=kept_11 wall=1.86s dmesg_delta=0
[lib_specasync_harness.sh 18:29:18] reload: 2 new dmesg line(s) -- logged, not necessarily an error
[lib_specasync_harness.sh 18:29:20] run_order=159 cfg=p0_prefetchON bench=bench_cufft size=268435456 rep=kept_12 wall=1.81s dmesg_delta=0
[lib_specasync_harness.sh 18:29:20] reload: 2 new dmesg line(s) -- logged, not necessarily an error
[lib_specasync_harness.sh 18:29:22] run_order=160 cfg=p2_prefetchON bench=bench_cufft size=268435456 rep=kept_12 wall=1.85s dmesg_delta=0
[lib_specasync_harness.sh 18:29:23] reload: 2 new dmesg line(s) -- logged, not necessarily an error
[lib_specasync_harness.sh 18:29:24] run_order=161 cfg=p0_prefetchON bench=bench_cufft size=268435456 rep=kept_13 wall=1.83s dmesg_delta=0
[lib_specasync_harness.sh 18:29:25] reload: 2 new dmesg line(s) -- logged, not necessarily an error
[lib_specasync_harness.sh 18:29:27] run_order=162 cfg=p2_prefetchON bench=bench_cufft size=268435456 rep=kept_13 wall=1.85s dmesg_delta=0
[lib_specasync_harness.sh 18:29:27] reload: 2 new dmesg line(s) -- logged, not necessarily an error
[lib_specasync_harness.sh 18:29:29] run_order=163 cfg=p0_prefetchON bench=bench_cufft size=268435456 rep=kept_14 wall=1.83s dmesg_delta=0
[lib_specasync_harness.sh 18:29:30] reload: 2 new dmesg line(s) -- logged, not necessarily an error
[lib_specasync_harness.sh 18:29:32] run_order=164 cfg=p2_prefetchON bench=bench_cufft size=268435456 rep=kept_14 wall=1.86s dmesg_delta=0
[lib_specasync_harness.sh 18:29:32] reload: 2 new dmesg line(s) -- logged, not necessarily an error
[lib_specasync_harness.sh 18:29:34] run_order=165 cfg=p0_prefetchON bench=bench_cufft size=268435456 rep=kept_15 wall=1.83s dmesg_delta=0
[lib_specasync_harness.sh 18:29:35] reload: 2 new dmesg line(s) -- logged, not necessarily an error
[lib_specasync_harness.sh 18:29:36] run_order=166 cfg=p2_prefetchON bench=bench_cufft size=268435456 rep=kept_15 wall=1.84s dmesg_delta=0
[lib_specasync_harness.sh 18:29:37] reload: 2 new dmesg line(s) -- logged, not necessarily an error
[lib_specasync_harness.sh 18:29:39] run_order=167 cfg=p0_prefetchON bench=bench_cufft size=268435456 rep=kept_16 wall=1.82s dmesg_delta=0
[lib_specasync_harness.sh 18:29:39] reload: 2 new dmesg line(s) -- logged, not necessarily an error
[lib_specasync_harness.sh 18:29:41] run_order=168 cfg=p2_prefetchON bench=bench_cufft size=268435456 rep=kept_16 wall=1.87s dmesg_delta=0
[lib_specasync_harness.sh 18:29:42] reload: 2 new dmesg line(s) -- logged, not necessarily an error
[lib_specasync_harness.sh 18:29:44] run_order=169 cfg=p0_prefetchON bench=bench_cufft size=268435456 rep=kept_17 wall=1.83s dmesg_delta=0
[lib_specasync_harness.sh 18:29:44] reload: 2 new dmesg line(s) -- logged, not necessarily an error
[lib_specasync_harness.sh 18:29:46] run_order=170 cfg=p2_prefetchON bench=bench_cufft size=268435456 rep=kept_17 wall=1.85s dmesg_delta=0
[t2_cufft_interleaved.sh 18:29:46] === T2 size=268435456: secondary C0/C1 for continuity (n=15 + 2 warmup) ===
[lib_specasync_harness.sh 18:29:47] reload: 2 new dmesg line(s) -- logged, not necessarily an error
[lib_specasync_harness.sh 18:29:49] run_order=171 cfg=C0 bench=bench_cufft size=268435456 rep=warmup_1 wall=1.83s dmesg_delta=0
[lib_specasync_harness.sh 18:29:49] reload: 2 new dmesg line(s) -- logged, not necessarily an error
[lib_specasync_harness.sh 18:29:59] run_order=172 cfg=C1 bench=bench_cufft size=268435456 rep=warmup_1 wall=9.46s dmesg_delta=0
[lib_specasync_harness.sh 18:29:59] reload: 2 new dmesg line(s) -- logged, not necessarily an error
[lib_specasync_harness.sh 18:30:01] run_order=173 cfg=C0 bench=bench_cufft size=268435456 rep=warmup_2 wall=1.84s dmesg_delta=0
[lib_specasync_harness.sh 18:30:02] reload: 2 new dmesg line(s) -- logged, not necessarily an error
[lib_specasync_harness.sh 18:30:11] run_order=174 cfg=C1 bench=bench_cufft size=268435456 rep=warmup_2 wall=9.50s dmesg_delta=0
[lib_specasync_harness.sh 18:30:12] reload: 2 new dmesg line(s) -- logged, not necessarily an error
[lib_specasync_harness.sh 18:30:14] run_order=175 cfg=C0 bench=bench_cufft size=268435456 rep=kept_3 wall=1.84s dmesg_delta=0
[lib_specasync_harness.sh 18:30:14] reload: 2 new dmesg line(s) -- logged, not necessarily an error
[lib_specasync_harness.sh 18:30:24] run_order=176 cfg=C1 bench=bench_cufft size=268435456 rep=kept_3 wall=9.43s dmesg_delta=0
[lib_specasync_harness.sh 18:30:24] reload: 2 new dmesg line(s) -- logged, not necessarily an error
[lib_specasync_harness.sh 18:30:26] run_order=177 cfg=C0 bench=bench_cufft size=268435456 rep=kept_4 wall=1.83s dmesg_delta=0
[lib_specasync_harness.sh 18:30:27] reload: 2 new dmesg line(s) -- logged, not necessarily an error
[lib_specasync_harness.sh 18:30:36] run_order=178 cfg=C1 bench=bench_cufft size=268435456 rep=kept_4 wall=9.35s dmesg_delta=0
[lib_specasync_harness.sh 18:30:37] reload: 2 new dmesg line(s) -- logged, not necessarily an error
[lib_specasync_harness.sh 18:30:38] run_order=179 cfg=C0 bench=bench_cufft size=268435456 rep=kept_5 wall=1.83s dmesg_delta=0
[lib_specasync_harness.sh 18:30:39] reload: 2 new dmesg line(s) -- logged, not necessarily an error
[lib_specasync_harness.sh 18:30:48] run_order=180 cfg=C1 bench=bench_cufft size=268435456 rep=kept_5 wall=9.44s dmesg_delta=0
[lib_specasync_harness.sh 18:30:49] reload: 2 new dmesg line(s) -- logged, not necessarily an error
[lib_specasync_harness.sh 18:30:51] run_order=181 cfg=C0 bench=bench_cufft size=268435456 rep=kept_6 wall=1.84s dmesg_delta=0
[lib_specasync_harness.sh 18:30:51] reload: 2 new dmesg line(s) -- logged, not necessarily an error
[lib_specasync_harness.sh 18:31:01] run_order=182 cfg=C1 bench=bench_cufft size=268435456 rep=kept_6 wall=9.51s dmesg_delta=0
[lib_specasync_harness.sh 18:31:02] reload: 2 new dmesg line(s) -- logged, not necessarily an error
[lib_specasync_harness.sh 18:31:03] run_order=183 cfg=C0 bench=bench_cufft size=268435456 rep=kept_7 wall=1.82s dmesg_delta=0
[lib_specasync_harness.sh 18:31:04] reload: 2 new dmesg line(s) -- logged, not necessarily an error
[lib_specasync_harness.sh 18:31:13] run_order=184 cfg=C1 bench=bench_cufft size=268435456 rep=kept_7 wall=9.48s dmesg_delta=0
[lib_specasync_harness.sh 18:31:14] reload: 2 new dmesg line(s) -- logged, not necessarily an error
[lib_specasync_harness.sh 18:31:16] run_order=185 cfg=C0 bench=bench_cufft size=268435456 rep=kept_8 wall=1.83s dmesg_delta=0
[lib_specasync_harness.sh 18:31:16] reload: 2 new dmesg line(s) -- logged, not necessarily an error
[lib_specasync_harness.sh 18:31:26] run_order=186 cfg=C1 bench=bench_cufft size=268435456 rep=kept_8 wall=9.39s dmesg_delta=0
[lib_specasync_harness.sh 18:31:26] reload: 2 new dmesg line(s) -- logged, not necessarily an error
[lib_specasync_harness.sh 18:31:28] run_order=187 cfg=C0 bench=bench_cufft size=268435456 rep=kept_9 wall=1.83s dmesg_delta=0
[lib_specasync_harness.sh 18:31:29] reload: 2 new dmesg line(s) -- logged, not necessarily an error
[lib_specasync_harness.sh 18:31:38] run_order=188 cfg=C1 bench=bench_cufft size=268435456 rep=kept_9 wall=9.36s dmesg_delta=0
[lib_specasync_harness.sh 18:31:39] reload: 2 new dmesg line(s) -- logged, not necessarily an error
[lib_specasync_harness.sh 18:31:41] run_order=189 cfg=C0 bench=bench_cufft size=268435456 rep=kept_10 wall=1.84s dmesg_delta=0
[lib_specasync_harness.sh 18:31:41] reload: 2 new dmesg line(s) -- logged, not necessarily an error
[lib_specasync_harness.sh 18:31:51] run_order=190 cfg=C1 bench=bench_cufft size=268435456 rep=kept_10 wall=9.46s dmesg_delta=0
[lib_specasync_harness.sh 18:31:51] reload: 2 new dmesg line(s) -- logged, not necessarily an error
[lib_specasync_harness.sh 18:31:53] run_order=191 cfg=C0 bench=bench_cufft size=268435456 rep=kept_11 wall=1.82s dmesg_delta=0
[lib_specasync_harness.sh 18:31:54] reload: 2 new dmesg line(s) -- logged, not necessarily an error
[lib_specasync_harness.sh 18:32:03] run_order=192 cfg=C1 bench=bench_cufft size=268435456 rep=kept_11 wall=9.43s dmesg_delta=0
[lib_specasync_harness.sh 18:32:04] reload: 2 new dmesg line(s) -- logged, not necessarily an error
[lib_specasync_harness.sh 18:32:06] run_order=193 cfg=C0 bench=bench_cufft size=268435456 rep=kept_12 wall=1.83s dmesg_delta=0
[lib_specasync_harness.sh 18:32:06] reload: 2 new dmesg line(s) -- logged, not necessarily an error
[lib_specasync_harness.sh 18:32:16] run_order=194 cfg=C1 bench=bench_cufft size=268435456 rep=kept_12 wall=9.59s dmesg_delta=0
[lib_specasync_harness.sh 18:32:16] reload: 2 new dmesg line(s) -- logged, not necessarily an error
[lib_specasync_harness.sh 18:32:18] run_order=195 cfg=C0 bench=bench_cufft size=268435456 rep=kept_13 wall=1.83s dmesg_delta=0
[lib_specasync_harness.sh 18:32:19] reload: 2 new dmesg line(s) -- logged, not necessarily an error
[lib_specasync_harness.sh 18:32:28] run_order=196 cfg=C1 bench=bench_cufft size=268435456 rep=kept_13 wall=9.44s dmesg_delta=0
[lib_specasync_harness.sh 18:32:29] reload: 2 new dmesg line(s) -- logged, not necessarily an error
[lib_specasync_harness.sh 18:32:31] run_order=197 cfg=C0 bench=bench_cufft size=268435456 rep=kept_14 wall=1.83s dmesg_delta=0
[lib_specasync_harness.sh 18:32:31] reload: 2 new dmesg line(s) -- logged, not necessarily an error
[lib_specasync_harness.sh 18:32:41] run_order=198 cfg=C1 bench=bench_cufft size=268435456 rep=kept_14 wall=9.39s dmesg_delta=0
[lib_specasync_harness.sh 18:32:41] reload: 2 new dmesg line(s) -- logged, not necessarily an error
[lib_specasync_harness.sh 18:32:43] run_order=199 cfg=C0 bench=bench_cufft size=268435456 rep=kept_15 wall=1.84s dmesg_delta=0
[lib_specasync_harness.sh 18:32:44] reload: 2 new dmesg line(s) -- logged, not necessarily an error
[lib_specasync_harness.sh 18:32:53] run_order=200 cfg=C1 bench=bench_cufft size=268435456 rep=kept_15 wall=9.60s dmesg_delta=0
[lib_specasync_harness.sh 18:32:54] reload: 2 new dmesg line(s) -- logged, not necessarily an error
[lib_specasync_harness.sh 18:32:56] run_order=201 cfg=C0 bench=bench_cufft size=268435456 rep=kept_16 wall=1.85s dmesg_delta=0
[lib_specasync_harness.sh 18:32:56] reload: 2 new dmesg line(s) -- logged, not necessarily an error
[lib_specasync_harness.sh 18:33:06] run_order=202 cfg=C1 bench=bench_cufft size=268435456 rep=kept_16 wall=9.62s dmesg_delta=0
[lib_specasync_harness.sh 18:33:07] reload: 2 new dmesg line(s) -- logged, not necessarily an error
[lib_specasync_harness.sh 18:33:08] run_order=203 cfg=C0 bench=bench_cufft size=268435456 rep=kept_17 wall=1.83s dmesg_delta=0
[lib_specasync_harness.sh 18:33:09] reload: 2 new dmesg line(s) -- logged, not necessarily an error
[lib_specasync_harness.sh 18:33:19] run_order=204 cfg=C1 bench=bench_cufft size=268435456 rep=kept_17 wall=9.93s dmesg_delta=0
[t2_cufft_interleaved.sh 18:33:19] done. CSV: /home/ubuntu/Downloads/SpecAsync-UVM/results/phaseB2/cufft_interleaved/cufft_interleaved_times.csv
[t2_cufft_interleaved.sh 18:33:19] verdict to report at Gate T2: does the 25.47% hit rate reproduce for p2 (prefetch ON)?
[t2_cufft_interleaved.sh 18:33:19] and: does it correspond to ANY wall-clock effect vs p0 (expected: no)?
